// Jest Snapshot v1, https://goo.gl/fbAQLP

exports[`App test Test leaderboard snapshot 1`] = `
Object {
  "asFragment": [Function],
  "baseElement": <body>
    <div>
      <div
        class="container"
      >
        <h1
          data-testid="newquestiontitle"
        >
          Would You Rather
        </h1>
        <h3>
          Create Your Own Poll
        </h3>
        <form
          class=""
        >
          <div
            class="mb-3"
          >
            <label
              class="form-label"
              for="firstOption"
            >
              First Option
            </label>
            <input
              class="form-control"
              data-testid="formopt1"
              id="firstOption"
              placeholder="Option One"
              type="text"
              value=""
            />
          </div>
          <div
            class="mb-3"
          >
            <label
              class="form-label"
              for="secondOption"
            >
              Second Option
            </label>
            <input
              class="form-control"
              data-testid="formopt2"
              id="secondOption"
              placeholder="Option Two"
              type="text"
              value=""
            />
          </div>
          <button
            class="btn btn-primary"
            data-testid="buttonpoll"
            disabled=""
            type="submit"
          >
            Submit
          </button>
        </form>
      </div>
    </div>
  </body>,
  "container": <div>
    <div
      class="container"
    >
      <h1
        data-testid="newquestiontitle"
      >
        Would You Rather
      </h1>
      <h3>
        Create Your Own Poll
      </h3>
      <form
        class=""
      >
        <div
          class="mb-3"
        >
          <label
            class="form-label"
            for="firstOption"
          >
            First Option
          </label>
          <input
            class="form-control"
            data-testid="formopt1"
            id="firstOption"
            placeholder="Option One"
            type="text"
            value=""
          />
        </div>
        <div
          class="mb-3"
        >
          <label
            class="form-label"
            for="secondOption"
          >
            Second Option
          </label>
          <input
            class="form-control"
            data-testid="formopt2"
            id="secondOption"
            placeholder="Option Two"
            type="text"
            value=""
          />
        </div>
        <button
          class="btn btn-primary"
          data-testid="buttonpoll"
          disabled=""
          type="submit"
        >
          Submit
        </button>
      </form>
    </div>
  </div>,
  "debug": [Function],
  "findAllByAltText": [Function],
  "findAllByDisplayValue": [Function],
  "findAllByLabelText": [Function],
  "findAllByPlaceholderText": [Function],
  "findAllByRole": [Function],
  "findAllByTestId": [Function],
  "findAllByText": [Function],
  "findAllByTitle": [Function],
  "findByAltText": [Function],
  "findByDisplayValue": [Function],
  "findByLabelText": [Function],
  "findByPlaceholderText": [Function],
  "findByRole": [Function],
  "findByTestId": [Function],
  "findByText": [Function],
  "findByTitle": [Function],
  "getAllByAltText": [Function],
  "getAllByDisplayValue": [Function],
  "getAllByLabelText": [Function],
  "getAllByPlaceholderText": [Function],
  "getAllByRole": [Function],
  "getAllByTestId": [Function],
  "getAllByText": [Function],
  "getAllByTitle": [Function],
  "getByAltText": [Function],
  "getByDisplayValue": [Function],
  "getByLabelText": [Function],
  "getByPlaceholderText": [Function],
  "getByRole": [Function],
  "getByTestId": [Function],
  "getByText": [Function],
  "getByTitle": [Function],
  "queryAllByAltText": [Function],
  "queryAllByDisplayValue": [Function],
  "queryAllByLabelText": [Function],
  "queryAllByPlaceholderText": [Function],
  "queryAllByRole": [Function],
  "queryAllByTestId": [Function],
  "queryAllByText": [Function],
  "queryAllByTitle": [Function],
  "queryByAltText": [Function],
  "queryByDisplayValue": [Function],
  "queryByLabelText": [Function],
  "queryByPlaceholderText": [Function],
  "queryByRole": [Function],
  "queryByTestId": [Function],
  "queryByText": [Function],
  "queryByTitle": [Function],
  "rerender": [Function],
  "unmount": [Function],
}
`;
